/home/bklaude/bmi500/bmi500/lib/python3.13/site-packages/scanpy/_utils/__init__.py:27: FutureWarning: `__version__` is deprecated, use `importlib.metadata.version('anndata')` instead.
  from anndata import __version__ as anndata_version
/home/bklaude/bmi500/bmi500/lib/python3.13/site-packages/anndata/__init__.py:70: FutureWarning: Importing read_csv from `anndata` is deprecated. Import anndata.io.read_csv instead.
  return module_get_attr_redirect(attr_name, deprecated_mapping=_DEPRECATED)
/home/bklaude/bmi500/bmi500/lib/python3.13/site-packages/anndata/__init__.py:70: FutureWarning: Importing read_excel from `anndata` is deprecated. Import anndata.io.read_excel instead.
  return module_get_attr_redirect(attr_name, deprecated_mapping=_DEPRECATED)
/home/bklaude/bmi500/bmi500/lib/python3.13/site-packages/anndata/__init__.py:70: FutureWarning: Importing read_hdf from `anndata` is deprecated. Import anndata.io.read_hdf instead.
  return module_get_attr_redirect(attr_name, deprecated_mapping=_DEPRECATED)
/home/bklaude/bmi500/bmi500/lib/python3.13/site-packages/anndata/__init__.py:70: FutureWarning: Importing read_loom from `anndata` is deprecated. Import anndata.io.read_loom instead.
  return module_get_attr_redirect(attr_name, deprecated_mapping=_DEPRECATED)
/home/bklaude/bmi500/bmi500/lib/python3.13/site-packages/anndata/__init__.py:70: FutureWarning: Importing read_mtx from `anndata` is deprecated. Import anndata.io.read_mtx instead.
  return module_get_attr_redirect(attr_name, deprecated_mapping=_DEPRECATED)
/home/bklaude/bmi500/bmi500/lib/python3.13/site-packages/anndata/__init__.py:70: FutureWarning: Importing read_text from `anndata` is deprecated. Import anndata.io.read_text instead.
  return module_get_attr_redirect(attr_name, deprecated_mapping=_DEPRECATED)
/home/bklaude/bmi500/bmi500/lib/python3.13/site-packages/anndata/__init__.py:70: FutureWarning: Importing read_umi_tools from `anndata` is deprecated. Import anndata.io.read_umi_tools instead.
  return module_get_attr_redirect(attr_name, deprecated_mapping=_DEPRECATED)
/home/bklaude/bmi500/bmi500/lib/python3.13/site-packages/louvain/__init__.py:54: UserWarning: pkg_resources is deprecated as an API. See https://setuptools.pypa.io/en/latest/pkg_resources.html. The pkg_resources package is slated for removal as early as 2025-11-30. Refrain from using this package or pin to Setuptools<81.
  from pkg_resources import get_distribution, DistributionNotFound
/home/bklaude/bmi500/bmi500/lib/python3.13/site-packages/scanpy/logging.py:151: FutureWarning: `__version__` is deprecated, use `importlib.metadata.version('anndata')` instead.
  yield dist_name, imp.__version__
... writing an h5ad cache file to speedup reading next time
filtered out 19024 genes that are detected in less than 3 cells
normalizing counts per cell
    finished (0:00:00)
extracting highly variable genes
    finished (0:00:00)
--> added
    'highly_variable', boolean vector (adata.var)
    'means', float vector (adata.var)
    'dispersions', float vector (adata.var)
    'dispersions_norm', float vector (adata.var)
/home/bklaude/bmi500/bmi500/lib/python3.13/site-packages/scanpy/preprocessing/_scale.py:316: UserWarning: Received a view of an AnnData. Making a copy.
  view_to_actual(adata)
... as `zero_center=True`, sparse input is densified and may lead to large memory consumption
computing PCA
    with n_comps=30
/home/bklaude/bmi500/bmi500/lib/python3.13/site-packages/scanpy/preprocessing/_pca.py:208: FutureWarning: `__version__` is deprecated, use `importlib.metadata.version('anndata')` instead.
  Version(ad.__version__) < Version("0.9")
    finished (0:00:00)
computing neighbors
/home/bklaude/bmi500/bmi500/lib/python3.13/site-packages/scanpy/neighbors/__init__.py:411: FutureWarning: The method obsm_keys is deprecated and will be removed in the future. Use obsm instead of obsm_keys. (e.g. `k in adata.obsm` or `adata.obsm.keys() | {'u'}`)
  if "X_diffmap" in adata.obsm_keys():
    using 'X_pca' with n_pcs = 30
    finished: added to `.uns['neighbors']`
    `.obsp['distances']`, distances for each pair of neighbors
    `.obsp['connectivities']`, weighted adjacency matrix (0:00:03)
running Louvain clustering
    using the "louvain" package of Traag (2017)
    finished: found 4 clusters and added
    'louvain', the cluster labels (adata.obs, categorical) (0:00:00)
computing UMAP
    finished: added
    'X_umap', UMAP coordinates (adata.obsm) (0:00:05)
ranking genes
    finished: added to `.uns['rank_genes_groups']`
    'names', sorted np.recarray to be indexed by group ids
    'scores', sorted np.recarray to be indexed by group ids
    'logfoldchanges', sorted np.recarray to be indexed by group ids
    'pvals', sorted np.recarray to be indexed by group ids
    'pvals_adj', sorted np.recarray to be indexed by group ids (0:00:01)
TIME imports: 2.723 s
scanpy==1.10.2 anndata==0.12.19 umap==0.5.12 numpy==1.26.4 scipy==1.17.1 pandas==2.3.3 scikit-learn==1.9.1 statsmodels==0.15.0 igraph==0.11.6 louvain==0.8.2 pynndescent==0.6.0
using 1 threads
TIME settings: 8.902 s
TIME arguments: 0.001 s
TIME I/O read: 0.412 s
TIME filtering: 0.032 s
TIME normalize: 0.011 s
TIME highly variable genes: 0.874 s
TIME scale: 0.030 s
TIME pca: 0.145 s
TIME neighbors: 3.199 s
TIME louvain: 0.089 s
TIME umap: 5.525 s
TIME I/O write: 0.109 s
TIME rank_genes_groups: 1.314 s
Wed Sep 16 14:14:52 2026    data/pbmc3k.prof

         41771 function calls (40861 primitive calls) in 1.308 seconds

   Ordered by: cumulative time
   List reduced from 1020 to 20 due to restriction <20>

   ncalls  tottime  percall  cumtime  percall filename:lineno(function)
     24/1    0.000    0.000    1.308    1.308 {built-in method builtins.exec}
        1    0.000    0.000    1.308    1.308 <string>:1(<module>)
        1    0.000    0.000    1.308    1.308 __init__.py:83(fn_compatible)
        1    0.000    0.000    1.308    1.308 _rank_genes_groups.py:469(rank_genes_groups)
        1    0.001    0.001    1.269    1.269 _rank_genes_groups.py:398(compute_statistics)
        5    0.003    0.001    1.234    0.247 _rank_genes_groups.py:277(wilcoxon)
        5    0.006    0.001    1.054    0.211 _rank_genes_groups.py:45(_ranks)
        4    0.000    0.000    0.994    0.248 generic.py:10012(rank)
        4    0.000    0.000    0.994    0.248 generic.py:10127(ranker)
        4    0.993    0.248    0.993    0.248 algorithms.py:1067(rank)
    60/59    0.000    0.000    0.072    0.001 indexing.py:1177(__getitem__)
        1    0.000    0.000    0.070    0.070 _rank_genes_groups.py:174(_basic_stats)
       41    0.000    0.000    0.069    0.002 indexing.py:1690(_getitem_tuple)
       57    0.000    0.000    0.068    0.001 indexing.py:1720(_getitem_axis)
       12    0.000    0.000    0.068    0.006 _index.py:29(__getitem__)
       23    0.000    0.000    0.067    0.003 indexing.py:1206(_getbool_axis)
       23    0.000    0.000    0.066    0.003 generic.py:4164(_take_with_is_copy)
       23    0.000    0.000    0.066    0.003 generic.py:4049(take)
       23    0.000    0.000    0.065    0.003 managers.py:888(take)
       16    0.000    0.000    0.064    0.004 indexing.py:1005(_getitem_tuple_same_dim)


              section  seconds
              imports 2.722967
             settings 8.901889
            arguments 0.000629
             I/O read 0.411788
            filtering 0.031584
            normalize 0.010670
highly variable genes 0.873634
                scale 0.030470
                  pca 0.145007
            neighbors 3.199163
              louvain 0.088622
                 umap 5.525279
            I/O write 0.109320
    rank_genes_groups 1.313615
TOTAL: 23.365 s
MAJOR BOTTLENECK: settings (8.902 s)
	Command being timed: "python scanpy_pbmc.py --data-dir data --data-set pbmc3k --out-dir data --num-threads 1"
	User time (seconds): 21.99
	System time (seconds): 0.99
	Percent of CPU this job got: 95%
	Elapsed (wall clock) time (h:mm:ss or m:ss): 0:24.01
	Average shared text size (kbytes): 0
	Average unshared data size (kbytes): 0
	Average stack size (kbytes): 0
	Average total size (kbytes): 0
	Maximum resident set size (kbytes): 943804
	Average resident set size (kbytes): 0
	Major (requiring I/O) page faults: 2245
	Minor (reclaiming a frame) page faults: 219003
	Voluntary context switches: 17248
	Involuntary context switches: 174
	Swaps: 0
	File system inputs: 563616
	File system outputs: 109496
	Socket messages sent: 0
	Socket messages received: 0
	Signals delivered: 0
	Page size (bytes): 4096
	Exit status: 0
