/home/bklaude/bmi500/bmi500/lib/python3.13/site-packages/scanpy/_utils/__init__.py:27: FutureWarning: `__version__` is deprecated, use `importlib.metadata.version('anndata')` instead.
  from anndata import __version__ as anndata_version
/home/bklaude/bmi500/bmi500/lib/python3.13/site-packages/anndata/__init__.py:70: FutureWarning: Importing read_csv from `anndata` is deprecated. Import anndata.io.read_csv instead.
  return module_get_attr_redirect(attr_name, deprecated_mapping=_DEPRECATED)
/home/bklaude/bmi500/bmi500/lib/python3.13/site-packages/anndata/__init__.py:70: FutureWarning: Importing read_excel from `anndata` is deprecated. Import anndata.io.read_excel instead.
  return module_get_attr_redirect(attr_name, deprecated_mapping=_DEPRECATED)
/home/bklaude/bmi500/bmi500/lib/python3.13/site-packages/anndata/__init__.py:70: FutureWarning: Importing read_hdf from `anndata` is deprecated. Import anndata.io.read_hdf instead.
  return module_get_attr_redirect(attr_name, deprecated_mapping=_DEPRECATED)
/home/bklaude/bmi500/bmi500/lib/python3.13/site-packages/anndata/__init__.py:70: FutureWarning: Importing read_loom from `anndata` is deprecated. Import anndata.io.read_loom instead.
  return module_get_attr_redirect(attr_name, deprecated_mapping=_DEPRECATED)
/home/bklaude/bmi500/bmi500/lib/python3.13/site-packages/anndata/__init__.py:70: FutureWarning: Importing read_mtx from `anndata` is deprecated. Import anndata.io.read_mtx instead.
  return module_get_attr_redirect(attr_name, deprecated_mapping=_DEPRECATED)
/home/bklaude/bmi500/bmi500/lib/python3.13/site-packages/anndata/__init__.py:70: FutureWarning: Importing read_text from `anndata` is deprecated. Import anndata.io.read_text instead.
  return module_get_attr_redirect(attr_name, deprecated_mapping=_DEPRECATED)
/home/bklaude/bmi500/bmi500/lib/python3.13/site-packages/anndata/__init__.py:70: FutureWarning: Importing read_umi_tools from `anndata` is deprecated. Import anndata.io.read_umi_tools instead.
  return module_get_attr_redirect(attr_name, deprecated_mapping=_DEPRECATED)
/home/bklaude/bmi500/bmi500/lib/python3.13/site-packages/louvain/__init__.py:54: UserWarning: pkg_resources is deprecated as an API. See https://setuptools.pypa.io/en/latest/pkg_resources.html. The pkg_resources package is slated for removal as early as 2025-11-30. Refrain from using this package or pin to Setuptools<81.
  from pkg_resources import get_distribution, DistributionNotFound
/home/bklaude/bmi500/bmi500/lib/python3.13/site-packages/scanpy/logging.py:151: FutureWarning: `__version__` is deprecated, use `importlib.metadata.version('anndata')` instead.
  yield dist_name, imp.__version__
... writing an h5ad cache file to speedup reading next time
filtered out 232 cells that have less than 200 genes expressed
filtered out 13246 genes that are detected in less than 3 cells
normalizing counts per cell
    finished (0:00:00)
extracting highly variable genes
    finished (0:00:00)
--> added
    'highly_variable', boolean vector (adata.var)
    'means', float vector (adata.var)
    'dispersions', float vector (adata.var)
    'dispersions_norm', float vector (adata.var)
/home/bklaude/bmi500/bmi500/lib/python3.13/site-packages/scanpy/preprocessing/_scale.py:316: UserWarning: Received a view of an AnnData. Making a copy.
  view_to_actual(adata)
... as `zero_center=True`, sparse input is densified and may lead to large memory consumption
computing PCA
    with n_comps=30
/home/bklaude/bmi500/bmi500/lib/python3.13/site-packages/scanpy/preprocessing/_pca.py:208: FutureWarning: `__version__` is deprecated, use `importlib.metadata.version('anndata')` instead.
  Version(ad.__version__) < Version("0.9")
    finished (0:00:00)
computing neighbors
/home/bklaude/bmi500/bmi500/lib/python3.13/site-packages/scanpy/neighbors/__init__.py:411: FutureWarning: The method obsm_keys is deprecated and will be removed in the future. Use obsm instead of obsm_keys. (e.g. `k in adata.obsm` or `adata.obsm.keys() | {'u'}`)
  if "X_diffmap" in adata.obsm_keys():
    using 'X_pca' with n_pcs = 30
    finished: added to `.uns['neighbors']`
    `.obsp['distances']`, distances for each pair of neighbors
    `.obsp['connectivities']`, weighted adjacency matrix (0:00:23)
running Louvain clustering
    using the "louvain" package of Traag (2017)
    finished: found 16 clusters and added
    'louvain', the cluster labels (adata.obs, categorical) (0:00:00)
computing UMAP
    finished: added
    'X_umap', UMAP coordinates (adata.obsm) (0:00:09)
ranking genes
    finished: added to `.uns['rank_genes_groups']`
    'names', sorted np.recarray to be indexed by group ids
    'scores', sorted np.recarray to be indexed by group ids
    'logfoldchanges', sorted np.recarray to be indexed by group ids
    'pvals', sorted np.recarray to be indexed by group ids
    'pvals_adj', sorted np.recarray to be indexed by group ids (0:00:11)
TIME imports: 1.769 s
scanpy==1.10.2 anndata==0.12.19 umap==0.5.12 numpy==1.26.4 scipy==1.17.1 pandas==2.3.3 scikit-learn==1.9.1 statsmodels==0.15.0 igraph==0.11.6 louvain==0.8.2 pynndescent==0.6.0
using 1 threads
TIME settings: 4.864 s
TIME arguments: 0.001 s
TIME I/O read: 3.618 s
TIME filtering: 0.293 s
TIME normalize: 0.093 s
TIME highly variable genes: 0.119 s
TIME scale: 0.129 s
TIME pca: 0.600 s
TIME neighbors: 23.015 s
TIME louvain: 0.500 s
TIME umap: 9.213 s
TIME I/O write: 0.448 s
TIME rank_genes_groups: 11.220 s
Wed Sep 16 14:16:54 2026    data/pbmc10k.prof

         323474 function calls (317915 primitive calls) in 11.215 seconds

   Ordered by: cumulative time
   List reduced from 1054 to 20 due to restriction <20>

   ncalls  tottime  percall  cumtime  percall filename:lineno(function)
     25/1    0.000    0.000   11.215   11.215 {built-in method builtins.exec}
        1    0.000    0.000   11.215   11.215 <string>:1(<module>)
        1    0.001    0.001   11.215   11.215 __init__.py:83(fn_compatible)
        1    0.000    0.000   10.866   10.866 _rank_genes_groups.py:469(rank_genes_groups)
        1    0.004    0.004   10.842   10.842 _rank_genes_groups.py:398(compute_statistics)
       17    0.013    0.001   10.750    0.632 _rank_genes_groups.py:277(wilcoxon)
       25    0.045    0.002    7.398    0.296 _rank_genes_groups.py:45(_ranks)
       24    0.000    0.000    7.032    0.293 generic.py:10012(rank)
       24    0.001    0.000    7.032    0.293 generic.py:10127(ranker)
       24    7.026    0.293    7.027    0.293 algorithms.py:1067(rank)
       56    0.001    0.000    1.998    0.036 _index.py:29(__getitem__)
        1    0.012    0.012    1.960    1.960 _rank_genes_groups.py:174(_basic_stats)
       32    0.000    0.000    1.959    0.061 _csc.py:140(_get_arrayXslice)
       32    0.001    0.000    1.949    0.061 _compressed.py:651(_minor_index_fancy)
       32    1.641    0.051    1.641    0.051 {built-in method scipy.sparse._sparsetools.csr_column_index2}
  856/855    0.003    0.000    0.870    0.001 indexing.py:1177(__getitem__)
      469    0.002    0.000    0.844    0.002 indexing.py:1690(_getitem_tuple)
      853    0.003    0.000    0.843    0.001 indexing.py:1720(_getitem_axis)
      384    0.002    0.000    0.821    0.002 indexing.py:1005(_getitem_tuple_same_dim)
      391    0.001    0.000    0.820    0.002 indexing.py:1206(_getbool_axis)


              section   seconds
              imports  1.768847
             settings  4.863524
            arguments  0.000605
             I/O read  3.618099
            filtering  0.293103
            normalize  0.092603
highly variable genes  0.119372
                scale  0.129419
                  pca  0.600188
            neighbors 23.014744
              louvain  0.500387
                 umap  9.213313
            I/O write  0.448434
    rank_genes_groups 11.220105
TOTAL: 55.883 s
MAJOR BOTTLENECK: neighbors (23.015 s)
	Command being timed: "python scanpy_pbmc.py --data-dir data --data-set pbmc10k --out-dir data --num-threads 1"
	User time (seconds): 53.26
	System time (seconds): 3.98
	Percent of CPU this job got: 100%
	Elapsed (wall clock) time (h:mm:ss or m:ss): 0:56.76
	Average shared text size (kbytes): 0
	Average unshared data size (kbytes): 0
	Average stack size (kbytes): 0
	Average total size (kbytes): 0
	Maximum resident set size (kbytes): 1883864
	Average resident set size (kbytes): 0
	Major (requiring I/O) page faults: 5
	Minor (reclaiming a frame) page faults: 786240
	Voluntary context switches: 23251
	Involuntary context switches: 272
	Swaps: 0
	File system inputs: 623608
	File system outputs: 831616
	Socket messages sent: 0
	Socket messages received: 0
	Signals delivered: 0
	Page size (bytes): 4096
	Exit status: 0
