/home/bklaude/bmi500/bmi500/lib/python3.13/site-packages/scanpy/_utils/__init__.py:27: FutureWarning: `__version__` is deprecated, use `importlib.metadata.version('anndata')` instead.
  from anndata import __version__ as anndata_version
/home/bklaude/bmi500/bmi500/lib/python3.13/site-packages/anndata/__init__.py:70: FutureWarning: Importing read_csv from `anndata` is deprecated. Import anndata.io.read_csv instead.
  return module_get_attr_redirect(attr_name, deprecated_mapping=_DEPRECATED)
/home/bklaude/bmi500/bmi500/lib/python3.13/site-packages/anndata/__init__.py:70: FutureWarning: Importing read_excel from `anndata` is deprecated. Import anndata.io.read_excel instead.
  return module_get_attr_redirect(attr_name, deprecated_mapping=_DEPRECATED)
/home/bklaude/bmi500/bmi500/lib/python3.13/site-packages/anndata/__init__.py:70: FutureWarning: Importing read_hdf from `anndata` is deprecated. Import anndata.io.read_hdf instead.
  return module_get_attr_redirect(attr_name, deprecated_mapping=_DEPRECATED)
/home/bklaude/bmi500/bmi500/lib/python3.13/site-packages/anndata/__init__.py:70: FutureWarning: Importing read_loom from `anndata` is deprecated. Import anndata.io.read_loom instead.
  return module_get_attr_redirect(attr_name, deprecated_mapping=_DEPRECATED)
/home/bklaude/bmi500/bmi500/lib/python3.13/site-packages/anndata/__init__.py:70: FutureWarning: Importing read_mtx from `anndata` is deprecated. Import anndata.io.read_mtx instead.
  return module_get_attr_redirect(attr_name, deprecated_mapping=_DEPRECATED)
/home/bklaude/bmi500/bmi500/lib/python3.13/site-packages/anndata/__init__.py:70: FutureWarning: Importing read_text from `anndata` is deprecated. Import anndata.io.read_text instead.
  return module_get_attr_redirect(attr_name, deprecated_mapping=_DEPRECATED)
/home/bklaude/bmi500/bmi500/lib/python3.13/site-packages/anndata/__init__.py:70: FutureWarning: Importing read_umi_tools from `anndata` is deprecated. Import anndata.io.read_umi_tools instead.
  return module_get_attr_redirect(attr_name, deprecated_mapping=_DEPRECATED)
/home/bklaude/bmi500/bmi500/lib/python3.13/site-packages/louvain/__init__.py:54: UserWarning: pkg_resources is deprecated as an API. See https://setuptools.pypa.io/en/latest/pkg_resources.html. The pkg_resources package is slated for removal as early as 2025-11-30. Refrain from using this package or pin to Setuptools<81.
  from pkg_resources import get_distribution, DistributionNotFound
/home/bklaude/bmi500/bmi500/lib/python3.13/site-packages/scanpy/logging.py:151: FutureWarning: `__version__` is deprecated, use `importlib.metadata.version('anndata')` instead.
  yield dist_name, imp.__version__
... writing an h5ad cache file to speedup reading next time
filtered out 1 cells that have less than 200 genes expressed
filtered out 18395 genes that are detected in less than 3 cells
normalizing counts per cell
    finished (0:00:00)
extracting highly variable genes
    finished (0:00:00)
--> added
    'highly_variable', boolean vector (adata.var)
    'means', float vector (adata.var)
    'dispersions', float vector (adata.var)
    'dispersions_norm', float vector (adata.var)
/home/bklaude/bmi500/bmi500/lib/python3.13/site-packages/scanpy/preprocessing/_scale.py:316: UserWarning: Received a view of an AnnData. Making a copy.
  view_to_actual(adata)
... as `zero_center=True`, sparse input is densified and may lead to large memory consumption
computing PCA
    with n_comps=30
/home/bklaude/bmi500/bmi500/lib/python3.13/site-packages/scanpy/preprocessing/_pca.py:208: FutureWarning: `__version__` is deprecated, use `importlib.metadata.version('anndata')` instead.
  Version(ad.__version__) < Version("0.9")
    finished (0:00:00)
computing neighbors
/home/bklaude/bmi500/bmi500/lib/python3.13/site-packages/scanpy/neighbors/__init__.py:411: FutureWarning: The method obsm_keys is deprecated and will be removed in the future. Use obsm instead of obsm_keys. (e.g. `k in adata.obsm` or `adata.obsm.keys() | {'u'}`)
  if "X_diffmap" in adata.obsm_keys():
    using 'X_pca' with n_pcs = 30
    finished: added to `.uns['neighbors']`
    `.obsp['distances']`, distances for each pair of neighbors
    `.obsp['connectivities']`, weighted adjacency matrix (0:00:03)
running Louvain clustering
    using the "louvain" package of Traag (2017)
    finished: found 7 clusters and added
    'louvain', the cluster labels (adata.obs, categorical) (0:00:00)
computing UMAP
    finished: added
    'X_umap', UMAP coordinates (adata.obsm) (0:00:10)
ranking genes
    finished: added to `.uns['rank_genes_groups']`
    'names', sorted np.recarray to be indexed by group ids
    'scores', sorted np.recarray to be indexed by group ids
    'logfoldchanges', sorted np.recarray to be indexed by group ids
    'pvals', sorted np.recarray to be indexed by group ids
    'pvals_adj', sorted np.recarray to be indexed by group ids (0:00:02)
TIME imports: 1.843 s
scanpy==1.10.2 anndata==0.12.19 umap==0.5.12 numpy==1.26.4 scipy==1.17.1 pandas==2.3.3 scikit-learn==1.9.1 statsmodels==0.15.0 igraph==0.11.6 louvain==0.8.2 pynndescent==0.6.0
using 1 threads
TIME settings: 4.877 s
TIME arguments: 0.001 s
TIME I/O read: 0.641 s
TIME filtering: 0.045 s
TIME normalize: 0.014 s
TIME highly variable genes: 0.024 s
TIME scale: 0.055 s
TIME pca: 0.314 s
TIME neighbors: 3.352 s
TIME louvain: 0.233 s
TIME umap: 10.175 s
TIME I/O write: 0.162 s
TIME rank_genes_groups: 2.675 s
Wed Sep 16 14:15:53 2026    data/pbmc6k.prof

         79636 function calls (78094 primitive calls) in 2.669 seconds

   Ordered by: cumulative time
   List reduced from 1020 to 20 due to restriction <20>

   ncalls  tottime  percall  cumtime  percall filename:lineno(function)
     24/1    0.000    0.000    2.669    2.669 {built-in method builtins.exec}
        1    0.000    0.000    2.669    2.669 <string>:1(<module>)
        1    0.000    0.000    2.669    2.669 __init__.py:83(fn_compatible)
        1    0.000    0.000    2.669    2.669 _rank_genes_groups.py:469(rank_genes_groups)
        1    0.002    0.002    2.604    2.604 _rank_genes_groups.py:398(compute_statistics)
        8    0.003    0.000    2.558    0.320 _rank_genes_groups.py:277(wilcoxon)
        9    0.014    0.002    2.123    0.236 _rank_genes_groups.py:45(_ranks)
        8    0.000    0.000    2.012    0.252 generic.py:10012(rank)
        8    0.000    0.000    2.012    0.252 generic.py:10127(ranker)
        8    2.010    0.251    2.010    0.251 algorithms.py:1067(rank)
  155/154    0.001    0.000    0.178    0.001 indexing.py:1177(__getitem__)
        1    0.000    0.000    0.177    0.177 _rank_genes_groups.py:174(_basic_stats)
       96    0.001    0.000    0.171    0.002 indexing.py:1690(_getitem_tuple)
      152    0.001    0.000    0.170    0.001 indexing.py:1720(_getitem_axis)
       63    0.000    0.000    0.166    0.003 indexing.py:1206(_getbool_axis)
       22    0.000    0.000    0.166    0.008 _index.py:29(__getitem__)
       63    0.000    0.000    0.164    0.003 generic.py:4164(_take_with_is_copy)
       56    0.000    0.000    0.164    0.003 indexing.py:1005(_getitem_tuple_same_dim)
       63    0.001    0.000    0.163    0.003 generic.py:4049(take)
       63    0.000    0.000    0.161    0.003 managers.py:888(take)


              section   seconds
              imports  1.842526
             settings  4.877286
            arguments  0.000633
             I/O read  0.641426
            filtering  0.045007
            normalize  0.013622
highly variable genes  0.024349
                scale  0.055164
                  pca  0.313902
            neighbors  3.351899
              louvain  0.233089
                 umap 10.175033
            I/O write  0.161815
    rank_genes_groups  2.675114
TOTAL: 24.411 s
MAJOR BOTTLENECK: umap (10.175 s)
	Command being timed: "python scanpy_pbmc.py --data-dir data --data-set pbmc6k --out-dir data --num-threads 1"
	User time (seconds): 23.80
	System time (seconds): 0.99
	Percent of CPU this job got: 99%
	Elapsed (wall clock) time (h:mm:ss or m:ss): 0:24.96
	Average shared text size (kbytes): 0
	Average unshared data size (kbytes): 0
	Average stack size (kbytes): 0
	Average total size (kbytes): 0
	Maximum resident set size (kbytes): 939192
	Average resident set size (kbytes): 0
	Major (requiring I/O) page faults: 23
	Minor (reclaiming a frame) page faults: 221189
	Voluntary context switches: 12680
	Involuntary context switches: 144
	Swaps: 0
	File system inputs: 102928
	File system outputs: 197720
	Socket messages sent: 0
	Socket messages received: 0
	Signals delivered: 0
	Page size (bytes): 4096
	Exit status: 0
